[comixo.netlify.app/demos/index.html]
[backblue.gif]
[fade.gif]
[index.html]
[comixo.netlify.app/demos/css/bootstrap.min.css]
[comixo.netlify.app/demos/css/all.min.css]
[comixo.netlify.app/demos/css/slick.css]
[comixo.netlify.app/demos/css/venobox.min.css]
[comixo.netlify.app/demos/css/style.css]
[comixo.netlify.app/demos/css/responsive.css]
[comixo.netlify.app/demos/bookmark.html]
[comixo.netlify.app/demos/cart.html]
[comixo.netlify.app/demos/comic_details.html]
[comixo.netlify.app/demos/images/comic1.png]
[comixo.netlify.app/demos/images/popular1.png]
[comixo.netlify.app/demos/images/popular2.png]
[comixo.netlify.app/demos/images/comic3.png]
[comixo.netlify.app/demos/images/user5.png]
[comixo.netlify.app/demos/images/user1.png]
[comixo.netlify.app/demos/images/user2.png]
[comixo.netlify.app/demos/images/banner-icon.png]
[comixo.netlify.app/demos/images/banner2.png]
[comixo.netlify.app/demos/images/banner1.png]
[comixo.netlify.app/demos/images/star.png]
[comixo.netlify.app/demos/images/about-main.png]
[comixo.netlify.app/demos/images/brand1.png]
[comixo.netlify.app/demos/images/brand2.png]
[comixo.netlify.app/demos/images/brand3.png]
[comixo.netlify.app/demos/images/comic2.png]
[comixo.netlify.app/demos/images/popular4.png]
[comixo.netlify.app/demos/images/popular3.png]
[comixo.netlify.app/demos/images/team1.png]
[comixo.netlify.app/demos/images/team2.png]
[comixo.netlify.app/demos/images/team3.png]
[comixo.netlify.app/demos/images/team4.png]
[comixo.netlify.app/demos/images/user3.png]
[comixo.netlify.app/demos/images/price1.png]
[comixo.netlify.app/demos/images/price2.png]
[comixo.netlify.app/demos/images/price3.png]
[comixo.netlify.app/demos/images/price4.png]
[comixo.netlify.app/demos/images/blog1.png]
[comixo.netlify.app/demos/images/blog2.png]
[comixo.netlify.app/demos/images/blog3.png]
[comixo.netlify.app/demos/images/footer-icon.png]
[comixo.netlify.app/demos/js/jquery-3.6.3.min.js]
[comixo.netlify.app/demos/js/bootstrap.bundle.min.js]
[comixo.netlify.app/demos/js/slick.min.js]
[comixo.netlify.app/demos/js/venobox.min.js]
[comixo.netlify.app/demos/js/counter.js]
[comixo.netlify.app/demos/js/waypoints.min.js]
[comixo.netlify.app/demos/index.html]
[comixo.netlify.app/demos/js/custom.js]
[comixo.netlify.app/demos/webfonts/fa-brands-400.woff2]
[comixo.netlify.app/demos/webfonts/fa-regular-400.woff2]
[comixo.netlify.app/demos/webfonts/fa-brands-400.ttf]
[comixo.netlify.app/demos/webfonts/fa-regular-400.ttf]
[comixo.netlify.app/demos/webfonts/fa-solid-900.woff2]
[comixo.netlify.app/demos/webfonts/fa-solid-900.ttf]
[comixo.netlify.app/demos/webfonts/fa-v4compatibility.woff2]
[comixo.netlify.app/demos/css/all.min.css]
[comixo.netlify.app/demos/css/bootstrap.min.css]
[comixo.netlify.app/demos/css/slick.css]
[comixo.netlify.app/demos/css/venobox.min.css]
[comixo.netlify.app/demos/webfonts/fa-v4compatibility.ttf]
[comixo.netlify.app/demos/fonts/ClashDisplay-Bold.ttf]
[comixo.netlify.app/demos/fonts/ClashDisplay-Medium.ttf]
[comixo.netlify.app/demos/css/style.css]
[comixo.netlify.app/demos/css/responsive.css]
[comixo.netlify.app/demos/bookmark.html]
[comixo.netlify.app/demos/cart.html]
[comixo.netlify.app/demos/comic_details.html]
[comixo.netlify.app/demos/fonts/ClashDisplay-Regular.ttf]
